// Jest Snapshot v1, https://goo.gl/fbAQLP

exports[`Column component renders error messages 1`] = `
<div>
  <div>
    <div>
      <h6
        className="MuiTypography-root MuiTypography-h6"
      >
        undefined Type undefined
      </h6>
    </div>
    <div>
      <p
        className="MuiTypography-root MuiTypography-body1 MuiTypography-gutterBottom"
      >
        Count 2
      </p>
    </div>
  </div>
  <div>
    <div
      className="MuiPaper-root makeStyles-paper-33 MuiPaper-elevation5 MuiPaper-rounded"
      style={
        Object {
          "backgroundColor": undefined,
        }
      }
    >
      <div
        className="MuiGrid-root makeStyles-grid-36 MuiGrid-container MuiGrid-justify-xs-space-between"
      >
        <div
          className="MuiGrid-root makeStyles-message-34 MuiGrid-item"
        >
          <p
            className="MuiTypography-root MuiTypography-body1"
          >
            error message
          </p>
        </div>
        <div
          className="MuiGrid-root makeStyles-clear-35 MuiGrid-item"
        >
          <button
            className="MuiButtonBase-root MuiButton-root MuiButton-text makeStyles-button-32"
            disabled={false}
            onBlur={[Function]}
            onClick={[Function]}
            onDragLeave={[Function]}
            onFocus={[Function]}
            onKeyDown={[Function]}
            onKeyUp={[Function]}
            onMouseDown={[Function]}
            onMouseLeave={[Function]}
            onMouseUp={[Function]}
            onTouchEnd={[Function]}
            onTouchMove={[Function]}
            onTouchStart={[Function]}
            tabIndex={0}
            type="button"
          >
            <span
              className="MuiButton-label"
            >
              Clear
            </span>
          </button>
        </div>
      </div>
    </div>
  </div>
  <div>
    <div
      className="MuiPaper-root makeStyles-paper-33 MuiPaper-elevation5 MuiPaper-rounded"
      style={
        Object {
          "backgroundColor": undefined,
        }
      }
    >
      <div
        className="MuiGrid-root makeStyles-grid-36 MuiGrid-container MuiGrid-justify-xs-space-between"
      >
        <div
          className="MuiGrid-root makeStyles-message-34 MuiGrid-item"
        >
          <p
            className="MuiTypography-root MuiTypography-body1"
          >
            another error message
          </p>
        </div>
        <div
          className="MuiGrid-root makeStyles-clear-35 MuiGrid-item"
        >
          <button
            className="MuiButtonBase-root MuiButton-root MuiButton-text makeStyles-button-32"
            disabled={false}
            onBlur={[Function]}
            onClick={[Function]}
            onDragLeave={[Function]}
            onFocus={[Function]}
            onKeyDown={[Function]}
            onKeyUp={[Function]}
            onMouseDown={[Function]}
            onMouseLeave={[Function]}
            onMouseUp={[Function]}
            onTouchEnd={[Function]}
            onTouchMove={[Function]}
            onTouchStart={[Function]}
            tabIndex={0}
            type="button"
          >
            <span
              className="MuiButton-label"
            >
              Clear
            </span>
          </button>
        </div>
      </div>
    </div>
  </div>
</div>
`;
